  Determining projects to restore...
  All projects are up-to-date for restore.
  Portfolio.Api -> D:\PorpuleVSCodeProject\MyWebsite\Portfolio.Api\Portfolio.Api\bin\Debug\net8.0\Portfolio.Api.dll

Build succeeded.
    0 Warning(s)
    0 Error(s)

Time Elapsed 00:00:05.27
